// Jest Snapshot v1, https://goo.gl/fbAQLP

exports[`renders the ExecuteQuiz component correctly 1`] = `
<div>
  <div>
    You have scored 
    0
     out of 
    0
    !
  </div>
</div>
`;
