// Jest Snapshot v1, https://goo.gl/fbAQLP

exports[`renders the Leaderboard component correctly 1`] = `
<div>
  Coming soon!
</div>
`;
