// Jest Snapshot v1, https://goo.gl/fbAQLP

exports[`renders the random quiz component correctly 1`] = `
<div>
  Loading....
</div>
`;
