// Jest Snapshot v1, https://goo.gl/fbAQLP

exports[`renders the TakeAQuiz component correctly 1`] = `
Array [
  <div>
    This is the Take A Quiz Page
  </div>,
  <div
    className="quiz-array"
  />,
]
`;
