// Jest Snapshot v1, https://goo.gl/fbAQLP

exports[`renders the TakeAQuizCard component correctly 1`] = `
<div>
  <form
    action="undefined"
  >
    <button
      className="button"
      type="submit"
    />
  </form>
</div>
`;
