// Jest Snapshot v1, https://goo.gl/fbAQLP

exports[`renders the Home component correctly 1`] = `
<div>
  This is my home page!
</div>
`;
